#0 building with "arm64b" instance using docker-container driver

#1 [internal] load build definition from Dockerfile
#1 transferring dockerfile: 2.35kB done
#1 DONE 0.0s

#2 [internal] load metadata for docker.io/library/python:3.12-slim-bookworm
#2 DONE 2.0s

#3 [internal] load .dockerignore
#3 transferring context: 2B done
#3 DONE 0.0s

#4 [1/6] FROM docker.io/library/python:3.12-slim-bookworm@sha256:a116514e19457bcb7af7efe9c3dd0b9b71e85b317694e7882a1c52aa15a78134
#4 resolve docker.io/library/python:3.12-slim-bookworm@sha256:a116514e19457bcb7af7efe9c3dd0b9b71e85b317694e7882a1c52aa15a78134 0.0s done
#4 DONE 0.0s

#5 [internal] load build context
#5 transferring context: 8.46kB done
#5 DONE 0.0s

#6 [2/6] RUN pip install --no-cache-dir --root-user-action=ignore         "numpy==2.5.1" "scipy==1.17.0" "scikit-learn==1.8.0"     && pip uninstall --yes pip setuptools wheel
#6 CACHED

#7 [3/6] COPY --chown=65532:65532 router_features.py router_run.py /opt/router/
#7 DONE 0.1s

#8 [4/6] COPY --chown=65532:65532 artifact/router.pkl /opt/router/artifact/router.pkl
#8 DONE 0.1s

#9 [5/6] RUN python3 -W error::UserWarning -c "import pickle, pathlib; a = pickle.loads(pathlib.Path('/opt/router/artifact/router.pkl').read_bytes()); print('artifact loads:', sorted(a)[:6]); assert a['light'] and a['upgrades'], 'artifact missing models'"
#9 18.83 artifact loads: ['cost', 'gain', 'light', 'light_cost', 'policy', 'q_fill']
#9 DONE 19.3s

#10 [6/6] WORKDIR /opt/router
#10 DONE 0.1s

#11 exporting to oci image format
#11 exporting layers
#11 exporting layers 0.6s done
#11 exporting manifest sha256:984c82a3c973287f4babebd7d07d6562a197cd228d1562aeeecf0437d792adcb 0.0s done
#11 exporting config sha256:744d86858d465b611e0b4fb105d424b64d9b02b67a36797675c58fe173915dcd 0.0s done
#11 sending tarball
#11 sending tarball 1.4s done
#11 DONE 2.0s

#12 importing to docker
#12 DONE 0.0s
EXIT=0
