#0 building with "arm64b" instance using docker-container driver

#1 [internal] load build definition from Dockerfile
#1 transferring dockerfile: 2.35kB done
#1 DONE 0.0s

#2 [internal] load metadata for docker.io/library/python:3.12-slim-bookworm
#2 DONE 1.5s

#3 [internal] load .dockerignore
#3 transferring context: 2B done
#3 DONE 0.0s

#4 [internal] load build context
#4 transferring context: 142B done
#4 DONE 0.1s

#5 [1/6] FROM docker.io/library/python:3.12-slim-bookworm@sha256:a116514e19457bcb7af7efe9c3dd0b9b71e85b317694e7882a1c52aa15a78134
#5 resolve docker.io/library/python:3.12-slim-bookworm@sha256:a116514e19457bcb7af7efe9c3dd0b9b71e85b317694e7882a1c52aa15a78134 0.0s done
#5 sha256:7139c142c2a60fe127ae67b23e17513bfca6536343b4a68083ed4d23f901e72e 0B / 248B 0.2s
#5 sha256:7139c142c2a60fe127ae67b23e17513bfca6536343b4a68083ed4d23f901e72e 248B / 248B 0.2s done
#5 sha256:9d15894547ae45ff032d09bed1e627eddacd2b9064a987960c42a47320c79244 0B / 3.37MB 0.3s
#5 sha256:3a5e2823aa7138bb86a62e19a4810d0d4a83dac670dcbee8af1cdef89341e7e6 0B / 13.60MB 0.2s
#5 sha256:9d15894547ae45ff032d09bed1e627eddacd2b9064a987960c42a47320c79244 3.37MB / 3.37MB 0.6s done
#5 extracting sha256:9d15894547ae45ff032d09bed1e627eddacd2b9064a987960c42a47320c79244 0.1s done
#5 sha256:3a5e2823aa7138bb86a62e19a4810d0d4a83dac670dcbee8af1cdef89341e7e6 13.60MB / 13.60MB 0.9s done
#5 extracting sha256:3a5e2823aa7138bb86a62e19a4810d0d4a83dac670dcbee8af1cdef89341e7e6
#5 extracting sha256:3a5e2823aa7138bb86a62e19a4810d0d4a83dac670dcbee8af1cdef89341e7e6 0.3s done
#5 DONE 1.4s

#5 [1/6] FROM docker.io/library/python:3.12-slim-bookworm@sha256:a116514e19457bcb7af7efe9c3dd0b9b71e85b317694e7882a1c52aa15a78134
#5 extracting sha256:7139c142c2a60fe127ae67b23e17513bfca6536343b4a68083ed4d23f901e72e 0.0s done
#5 DONE 1.5s

#6 [2/6] RUN pip install --no-cache-dir --root-user-action=ignore         "numpy==2.5.1" "scipy==1.17.0" "scikit-learn==1.8.0"     && pip uninstall --yes pip setuptools wheel
#6 19.27 Collecting numpy==2.5.1
#6 19.86   Downloading numpy-2.5.1-cp312-cp312-manylinux_2_27_aarch64.manylinux_2_28_aarch64.whl.metadata (6.6 kB)
#6 21.66 Collecting scipy==1.17.0
#6 21.68   Downloading scipy-1.17.0-cp312-cp312-manylinux_2_27_aarch64.manylinux_2_28_aarch64.whl.metadata (62 kB)
#6 22.95 Collecting scikit-learn==1.8.0
#6 22.97   Downloading scikit_learn-1.8.0-cp312-cp312-manylinux_2_27_aarch64.manylinux_2_28_aarch64.whl.metadata (11 kB)
#6 23.71 Collecting joblib>=1.3.0 (from scikit-learn==1.8.0)
#6 23.72   Downloading joblib-1.5.3-py3-none-any.whl.metadata (5.5 kB)
#6 23.80 Collecting threadpoolctl>=3.2.0 (from scikit-learn==1.8.0)
#6 23.82   Downloading threadpoolctl-3.6.0-py3-none-any.whl.metadata (13 kB)
#6 23.87 Downloading numpy-2.5.1-cp312-cp312-manylinux_2_27_aarch64.manylinux_2_28_aarch64.whl (15.2 MB)
#6 25.23    ━━━━━━━━━━━━━━━━━━━━━━━━━━━━━━━━━━━━━━━━ 15.2/15.2 MB 11.7 MB/s eta 0:00:00
#6 25.25 Downloading scipy-1.17.0-cp312-cp312-manylinux_2_27_aarch64.manylinux_2_28_aarch64.whl (32.7 MB)
#6 27.87    ━━━━━━━━━━━━━━━━━━━━━━━━━━━━━━━━━━━━━━━━ 32.7/32.7 MB 12.6 MB/s eta 0:00:00
#6 27.89 Downloading scikit_learn-1.8.0-cp312-cp312-manylinux_2_27_aarch64.manylinux_2_28_aarch64.whl (8.7 MB)
#6 29.62    ━━━━━━━━━━━━━━━━━━━━━━━━━━━━━━━━━━━━━━━━ 8.7/8.7 MB 5.0 MB/s eta 0:00:00
#6 29.64 Downloading joblib-1.5.3-py3-none-any.whl (309 kB)
#6 29.69 Downloading threadpoolctl-3.6.0-py3-none-any.whl (18 kB)
#6 31.32 Installing collected packages: threadpoolctl, numpy, joblib, scipy, scikit-learn
#6 114.4 Successfully installed joblib-1.5.3 numpy-2.5.1 scikit-learn-1.8.0 scipy-1.17.0 threadpoolctl-3.6.0
#6 115.9 
#6 115.9 [notice] A new release of pip is available: 25.0.1 -> 26.2.1
#6 115.9 [notice] To update, run: pip install --upgrade pip
#6 130.3 Found existing installation: pip 25.0.1
#6 130.8 Uninstalling pip-25.0.1:
#6 131.5   Successfully uninstalled pip-25.0.1
#6 131.6 WARNING: Skipping setuptools as it is not installed.
#6 131.6 WARNING: Skipping wheel as it is not installed.
#6 131.6 WARNING: Running pip as the 'root' user can result in broken permissions and conflicting behaviour with the system package manager, possibly rendering your system unusable. It is recommended to use a virtual environment instead: https://pip.pypa.io/warnings/venv. Use the --root-user-action option if you know what you are doing and want to suppress this warning.
#6 DONE 131.8s

#7 [3/6] COPY --chown=65532:65532 router_features.py router_run.py /opt/router/
#7 DONE 0.1s

#8 [4/6] COPY --chown=65532:65532 artifact/router.pkl /opt/router/artifact/router.pkl
#8 DONE 0.1s

#9 [5/6] RUN python3 -W error::UserWarning -c "import pickle, pathlib; a = pickle.loads(pathlib.Path('/opt/router/artifact/router.pkl').read_bytes()); print('artifact loads:', sorted(a)[:6]); assert a['light'] and a['upgrades'], 'artifact missing models'"
#9 18.70 artifact loads: ['cost', 'gain', 'light', 'light_cost', 'policy', 'q_fill']
#9 DONE 19.4s

#10 [6/6] WORKDIR /opt/router
#10 DONE 0.1s

#11 exporting to oci image format
#11 exporting layers
#11 exporting layers 6.6s done
#11 exporting manifest sha256:be2ad4066d3373953c0c05799ddeee1570768b8fe2507828a9933828b8a721f4 0.0s done
#11 exporting config sha256:0a50ef592ce7e7fd4101ad33eb4841121aa8729b87d9cd55bc80b01674afd93e 0.0s done
#11 sending tarball
#11 ...

#12 importing to docker
#12 DONE 0.0s

#11 exporting to oci image format
#11 sending tarball 1.4s done
#11 DONE 8.1s
EXIT=0
